../Core/Src/main.c:73:6:set_motor	24	static
../Core/Src/main.c:110:5:main	168	static
../Core/Src/main.c:383:6:SystemClock_Config	88	static
../Core/Src/main.c:430:13:MX_ADC1_Init	24	static
../Core/Src/main.c:513:13:MX_TIM2_Init	48	static
../Core/Src/main.c:574:13:MX_TIM3_Init	32	static
../Core/Src/main.c:622:13:MX_USART2_UART_Init	8	static
../Core/Src/main.c:653:13:MX_DMA_Init	16	static
../Core/Src/main.c:671:13:MX_GPIO_Init	40	static
../Core/Src/main.c:736:6:HAL_ADC_ConvCpltCallback	16	static
../Core/Src/main.c:748:6:Error_Handler	4	static,ignoring_inline_asm
